2026-02-19 16:41:39:4139 [31merror[39m: [31mRedis Client Error[39m
2026-02-19 16:41:39:4139 [31merror[39m: [31mAuto-cancel queue error[39m
2026-02-19 16:41:39:4139 [31merror[39m: [31mAuto-cancel queue error[39m
2026-02-19 16:41:39:4139 [31merror[39m: [31mAuto-cancel queue error[39m
2026-02-19 16:41:39:4139 [31merror[39m: [31mAuto-cancel queue error[39m
2026-02-19 16:41:39:4139 [31merror[39m: [31mAuto-cancel queue error[39m
2026-02-19 16:41:39:4139 [31merror[39m: [31mAuto-cancel queue error[39m
2026-02-19 16:41:39:4139 [31merror[39m: [31mAuto-cancel queue error[39m
2026-02-19 16:41:39:4139 [31merror[39m: [31mAuto-cancel queue error[39m
2026-02-19 16:41:39:4139 [31merror[39m: [31mAuto-cancel queue error[39m
2026-02-19 16:41:39:4139 [31merror[39m: [31mAuto-cancel queue error[39m
2026-02-19 16:41:39:4139 [31merror[39m: [31mRedis Client Error[39m
2026-02-19 16:41:39:4139 [31merror[39m: [31mAuto-cancel queue error[39m
2026-02-19 16:41:39:4139 [31merror[39m: [31mAuto-cancel queue error[39m
2026-02-19 16:41:39:4139 [31merror[39m: [31mRedis Client Error[39m
2026-02-19 16:41:40:4140 [31merror[39m: [31mRedis Client Error[39m
2026-02-19 16:41:40:4140 [31merror[39m: [31mAuto-cancel queue error[39m
2026-02-19 16:41:40:4140 [31merror[39m: [31mAuto-cancel queue error[39m
2026-02-19 16:41:40:4140 [31merror[39m: [31mRedis Client Error[39m
2026-02-19 16:41:41:4141 [31merror[39m: [31mAuto-cancel queue error[39m
2026-02-19 16:41:41:4141 [31merror[39m: [31mAuto-cancel queue error[39m
2026-02-19 16:41:41:4141 [31merror[39m: [31mRedis Client Error[39m
2026-02-19 16:41:43:4143 [31merror[39m: [31mRedis Client Error[39m
2026-02-19 16:41:44:4144 [31merror[39m: [31mAuto-cancel queue error[39m
2026-02-19 16:41:44:4144 [31merror[39m: [31mAuto-cancel queue error[39m
2026-02-19 16:41:45:4145 [31merror[39m: [31mRedis Client Error[39m
2026-02-19 16:41:47:4147 [31merror[39m: [31mRedis Client Error[39m
2026-02-19 16:41:49:4149 [31merror[39m: [31mRedis Client Error[39m
2026-02-19 16:41:52:4152 [31merror[39m: [31mRedis Client Error[39m
2026-02-19 16:41:52:4152 [31merror[39m: [31mAuto-cancel queue error[39m
2026-02-19 16:41:52:4152 [31merror[39m: [31mAuto-cancel queue error[39m
2026-02-19 16:41:54:4154 [31merror[39m: [31mRedis Client Error[39m
2026-02-19 16:41:56:4156 [31merror[39m: [31mRedis Client Error[39m
2026-02-19 16:41:58:4158 [31merror[39m: [31mRedis Client Error[39m
2026-02-19 16:42:00:420 [31merror[39m: [31mRedis Client Error[39m
2026-02-19 16:42:02:422 [31merror[39m: [31mRedis Client Error[39m
2026-02-19 16:42:04:424 [31merror[39m: [31mRedis Client Error[39m
2026-02-19 16:42:06:426 [31merror[39m: [31mRedis Client Error[39m
2026-02-19 16:42:08:428 [31merror[39m: [31mRedis Client Error[39m
2026-02-19 16:42:10:4210 [31merror[39m: [31mRedis Client Error[39m
2026-02-19 16:42:12:4212 [31merror[39m: [31mAuto-cancel queue error[39m
2026-02-19 16:42:12:4212 [31merror[39m: [31mAuto-cancel queue error[39m
2026-02-19 16:42:12:4212 [31merror[39m: [31mRedis Client Error[39m
2026-02-19 16:42:14:4214 [31merror[39m: [31mRedis Client Error[39m
2026-02-19 16:42:17:4217 [31merror[39m: [31mRedis Client Error[39m
2026-02-19 16:42:19:4219 [31merror[39m: [31mRedis Client Error[39m
2026-02-19 16:42:21:4221 [31merror[39m: [31mRedis Client Error[39m
2026-02-19 16:42:23:4223 [31merror[39m: [31mRedis Client Error[39m
2026-02-19 16:42:25:4225 [31merror[39m: [31mRedis Client Error[39m
2026-02-19 16:42:27:4227 [31merror[39m: [31mRedis Client Error[39m
2026-02-19 16:42:29:4229 [31merror[39m: [31mRedis Client Error[39m
2026-02-19 16:42:32:4232 [31merror[39m: [31mRedis Client Error[39m
2026-02-19 16:42:32:4232 [31merror[39m: [31mAuto-cancel queue error[39m
2026-02-19 16:42:32:4232 [31merror[39m: [31mAuto-cancel queue error[39m
2026-02-19 16:42:34:4234 [31merror[39m: [31mRedis Client Error[39m
2026-02-19 16:42:36:4236 [31merror[39m: [31mRedis Client Error[39m
2026-02-19 16:42:38:4238 [31merror[39m: [31mRedis Client Error[39m
2026-02-19 16:42:40:4240 [31merror[39m: [31mRedis Client Error[39m
2026-02-19 16:42:42:4242 [31merror[39m: [31mRedis Client Error[39m
2026-02-19 16:42:44:4244 [31merror[39m: [31mRedis Client Error[39m
2026-02-19 16:42:46:4246 [31merror[39m: [31mRedis Client Error[39m
2026-02-19 16:42:48:4248 [31merror[39m: [31mRedis Client Error[39m
2026-02-19 16:42:51:4251 [31merror[39m: [31mRedis Client Error[39m
2026-02-19 16:42:52:4252 [31merror[39m: [31mAuto-cancel queue error[39m
2026-02-19 16:42:52:4252 [31merror[39m: [31mAuto-cancel queue error[39m
2026-02-19 16:42:53:4253 [31merror[39m: [31mRedis Client Error[39m
2026-02-19 16:42:55:4255 [31merror[39m: [31mRedis Client Error[39m
2026-02-19 16:42:57:4257 [31merror[39m: [31mRedis Client Error[39m
2026-02-19 16:42:59:4259 [31merror[39m: [31mRedis Client Error[39m
2026-02-19 16:43:01:431 [31merror[39m: [31mRedis Client Error[39m
2026-02-19 16:43:10:4310 [31merror[39m: [31mRedis Client Error[39m
2026-02-19 16:43:10:4310 [31merror[39m: [31mAuto-cancel queue error[39m
2026-02-19 16:43:10:4310 [31merror[39m: [31mAuto-cancel queue error[39m
2026-02-19 16:43:10:4310 [31merror[39m: [31mAuto-cancel queue error[39m
2026-02-19 16:43:10:4310 [31merror[39m: [31mAuto-cancel queue error[39m
2026-02-19 16:43:10:4310 [31merror[39m: [31mAuto-cancel queue error[39m
2026-02-19 16:43:10:4310 [31merror[39m: [31mAuto-cancel queue error[39m
2026-02-19 16:43:10:4310 [31merror[39m: [31mAuto-cancel queue error[39m
2026-02-19 16:43:10:4310 [31merror[39m: [31mAuto-cancel queue error[39m
2026-02-19 16:43:11:4311 [31merror[39m: [31mAuto-cancel queue error[39m
2026-02-19 16:43:11:4311 [31merror[39m: [31mAuto-cancel queue error[39m
2026-02-19 16:43:11:4311 [31merror[39m: [31mRedis Client Error[39m
2026-02-19 16:43:11:4311 [31merror[39m: [31mAuto-cancel queue error[39m
2026-02-19 16:43:11:4311 [31merror[39m: [31mAuto-cancel queue error[39m
2026-02-19 16:43:11:4311 [31merror[39m: [31mRedis Client Error[39m
2026-02-19 16:43:11:4311 [31merror[39m: [31mAuto-cancel queue error[39m
2026-02-19 16:43:11:4311 [31merror[39m: [31mAuto-cancel queue error[39m
2026-02-19 16:43:11:4311 [31merror[39m: [31mRedis Client Error[39m
2026-02-19 16:43:12:4312 [31merror[39m: [31mRedis Client Error[39m
2026-02-19 16:43:12:4312 [31merror[39m: [31mAuto-cancel queue error[39m
2026-02-19 16:43:12:4312 [31merror[39m: [31mAuto-cancel queue error[39m
2026-02-19 16:43:13:4313 [31merror[39m: [31mRedis Client Error[39m
2026-02-19 16:43:14:4314 [31merror[39m: [31mRedis Client Error[39m
2026-02-19 16:43:15:4315 [31merror[39m: [31mAuto-cancel queue error[39m
2026-02-19 16:43:15:4315 [31merror[39m: [31mAuto-cancel queue error[39m
2026-02-19 16:43:16:4316 [31merror[39m: [31mRedis Client Error[39m
2026-02-19 16:43:18:4318 [31merror[39m: [31mRedis Client Error[39m
2026-02-19 16:43:21:4321 [31merror[39m: [31mRedis Client Error[39m
2026-02-19 16:43:23:4323 [31merror[39m: [31mRedis Client Error[39m
2026-02-19 16:43:23:4323 [31merror[39m: [31mAuto-cancel queue error[39m
2026-02-19 16:43:23:4323 [31merror[39m: [31mAuto-cancel queue error[39m
2026-02-19 16:43:25:4325 [31merror[39m: [31mRedis Client Error[39m
2026-02-19 16:43:27:4327 [31merror[39m: [31mRedis Client Error[39m
2026-02-19 16:43:29:4329 [31merror[39m: [31mRedis Client Error[39m
2026-02-19 16:43:31:4331 [31merror[39m: [31mRedis Client Error[39m
2026-02-19 16:43:33:4333 [31merror[39m: [31mRedis Client Error[39m
2026-02-19 16:43:35:4335 [31merror[39m: [31mRedis Client Error[39m
2026-02-19 16:43:37:4337 [31merror[39m: [31mRedis Client Error[39m
2026-02-19 16:43:39:4339 [31merror[39m: [31mRedis Client Error[39m
2026-02-19 16:43:41:4341 [31merror[39m: [31mRedis Client Error[39m
2026-02-19 16:43:43:4343 [31merror[39m: [31mAuto-cancel queue error[39m
2026-02-19 16:43:43:4343 [31merror[39m: [31mAuto-cancel queue error[39m
2026-02-19 16:43:43:4343 [31merror[39m: [31mRedis Client Error[39m
2026-02-19 16:43:46:4346 [31merror[39m: [31mRedis Client Error[39m
2026-02-19 16:43:48:4348 [31merror[39m: [31mRedis Client Error[39m
2026-02-19 16:43:50:4350 [31merror[39m: [31mRedis Client Error[39m
2026-02-19 16:43:52:4352 [31merror[39m: [31mRedis Client Error[39m
2026-02-19 16:43:54:4354 [31merror[39m: [31mRedis Client Error[39m
2026-02-19 16:43:56:4356 [31merror[39m: [31mRedis Client Error[39m
2026-02-19 16:43:58:4358 [31merror[39m: [31mRedis Client Error[39m
2026-02-19 16:44:00:440 [31merror[39m: [31mRedis Client Error[39m
2026-02-19 16:44:02:442 [31merror[39m: [31mRedis Client Error[39m
2026-02-19 16:44:03:443 [31merror[39m: [31mAuto-cancel queue error[39m
2026-02-19 16:44:03:443 [31merror[39m: [31mAuto-cancel queue error[39m
2026-02-19 16:44:05:445 [31merror[39m: [31mRedis Client Error[39m
2026-02-19 16:44:07:447 [31merror[39m: [31mRedis Client Error[39m
2026-02-19 16:44:09:449 [31merror[39m: [31mRedis Client Error[39m
2026-02-19 16:44:43:4443 [31merror[39m: [31mRedis Client Error[39m
2026-02-19 16:44:43:4443 [31merror[39m: [31mSocket.io Redis Adapter failed[39m
2026-02-19 16:44:43:4443 [31merror[39m: [31mAuto-cancel queue error[39m
2026-02-19 16:44:43:4443 [31merror[39m: [31mAuto-cancel queue error[39m
2026-02-19 16:44:43:4443 [31merror[39m: [31mAuto-cancel queue error[39m
2026-02-19 16:44:43:4443 [31merror[39m: [31mAuto-cancel queue error[39m
2026-02-19 16:44:43:4443 [31merror[39m: [31mAuto-cancel queue error[39m
2026-02-19 16:44:43:4443 [31merror[39m: [31mAuto-cancel queue error[39m
2026-02-19 16:44:43:4443 [31merror[39m: [31mAuto-cancel queue error[39m
2026-02-19 16:44:43:4443 [31merror[39m: [31mAuto-cancel queue error[39m
2026-02-19 16:44:43:4443 [31merror[39m: [31mAuto-cancel queue error[39m
2026-02-19 16:44:43:4443 [31merror[39m: [31mAuto-cancel queue error[39m
2026-02-19 16:44:43:4443 [31merror[39m: [31mRedis Client Error[39m
2026-02-19 16:44:43:4443 [31merror[39m: [31mAuto-cancel queue error[39m
2026-02-19 16:44:43:4443 [31merror[39m: [31mRedis Client Error[39m
2026-02-19 16:44:43:4443 [31merror[39m: [31mAuto-cancel queue error[39m
2026-02-19 16:44:44:4444 [31merror[39m: [31mRedis Client Error[39m
2026-02-19 16:44:44:4444 [31merror[39m: [31mAuto-cancel queue error[39m
2026-02-19 16:44:44:4444 [31merror[39m: [31mAuto-cancel queue error[39m
2026-02-19 16:44:44:4444 [31merror[39m: [31mRedis Client Error[39m
2026-02-19 16:44:45:4445 [31merror[39m: [31mAuto-cancel queue error[39m
2026-02-19 16:44:45:4445 [31merror[39m: [31mAuto-cancel queue error[39m
2026-02-19 16:44:45:4445 [31merror[39m: [31mRedis Client Error[39m
2026-02-19 16:44:47:4447 [31merror[39m: [31mRedis Client Error[39m
2026-02-19 16:44:48:4448 [31merror[39m: [31mAuto-cancel queue error[39m
2026-02-19 16:44:48:4448 [31merror[39m: [31mAuto-cancel queue error[39m
2026-02-19 16:44:49:4449 [31merror[39m: [31mRedis Client Error[39m
2026-02-19 16:44:51:4451 [31merror[39m: [31mRedis Client Error[39m
2026-02-19 16:44:53:4453 [31merror[39m: [31mRedis Client Error[39m
2026-02-19 16:44:55:4455 [31merror[39m: [31mRedis Client Error[39m
2026-02-19 16:44:56:4456 [31merror[39m: [31mAuto-cancel queue error[39m
2026-02-19 16:44:56:4456 [31merror[39m: [31mAuto-cancel queue error[39m
2026-02-19 16:44:57:4457 [31merror[39m: [31mRedis Client Error[39m
2026-02-19 16:44:59:4459 [31merror[39m: [31mRedis Client Error[39m
2026-02-19 16:45:01:451 [31merror[39m: [31mRedis Client Error[39m
2026-02-19 16:45:04:454 [31merror[39m: [31mRedis Client Error[39m
2026-02-19 16:45:06:456 [31merror[39m: [31mRedis Client Error[39m
2026-02-19 16:45:08:458 [31merror[39m: [31mRedis Client Error[39m
2026-02-19 16:45:10:4510 [31merror[39m: [31mRedis Client Error[39m
2026-02-19 16:45:12:4512 [31merror[39m: [31mRedis Client Error[39m
2026-02-19 16:45:14:4514 [31merror[39m: [31mRedis Client Error[39m
2026-02-19 16:45:16:4516 [31merror[39m: [31mAuto-cancel queue error[39m
2026-02-19 16:45:16:4516 [31merror[39m: [31mAuto-cancel queue error[39m
2026-02-19 16:45:16:4516 [31merror[39m: [31mRedis Client Error[39m
2026-02-19 16:45:18:4518 [31merror[39m: [31mRedis Client Error[39m
2026-02-19 16:45:21:4521 [31merror[39m: [31mRedis Client Error[39m
2026-02-19 16:45:23:4523 [31merror[39m: [31mRedis Client Error[39m
2026-02-19 16:45:25:4525 [31merror[39m: [31mRedis Client Error[39m
2026-02-19 16:45:27:4527 [31merror[39m: [31mRedis Client Error[39m
2026-02-19 16:45:29:4529 [31merror[39m: [31mRedis Client Error[39m
2026-02-19 16:45:31:4531 [31merror[39m: [31mRedis Client Error[39m
2026-02-19 16:45:33:4533 [31merror[39m: [31mRedis Client Error[39m
2026-02-19 16:45:36:4536 [31merror[39m: [31mRedis Client Error[39m
2026-02-19 16:45:36:4536 [31merror[39m: [31mAuto-cancel queue error[39m
2026-02-19 16:45:36:4536 [31merror[39m: [31mAuto-cancel queue error[39m
2026-02-19 16:45:38:4538 [31merror[39m: [31mRedis Client Error[39m
2026-02-19 16:45:40:4540 [31merror[39m: [31mRedis Client Error[39m
2026-02-19 16:45:42:4542 [31merror[39m: [31mRedis Client Error[39m
2026-02-19 16:45:44:4544 [31merror[39m: [31mRedis Client Error[39m
2026-02-19 16:45:49:4549 [31merror[39m: [31mRedis Client Error[39m
2026-02-19 16:45:49:4549 [31merror[39m: [31mRedis Pub Client Error[39m
2026-02-19 16:45:49:4549 [31merror[39m: [31mRedis Sub Client Error[39m
2026-02-19 16:45:49:4549 [31merror[39m: [31mAuto-cancel queue error[39m
2026-02-19 16:45:49:4549 [31merror[39m: [31mAuto-cancel queue error[39m
2026-02-19 16:45:49:4549 [31merror[39m: [31mAuto-cancel queue error[39m
2026-02-19 16:45:49:4549 [31merror[39m: [31mAuto-cancel queue error[39m
2026-02-19 16:45:49:4549 [31merror[39m: [31mAuto-cancel queue error[39m
2026-02-19 16:45:49:4549 [31merror[39m: [31mAuto-cancel queue error[39m
2026-02-19 16:45:49:4549 [31merror[39m: [31mAuto-cancel queue error[39m
2026-02-19 16:45:49:4549 [31merror[39m: [31mAuto-cancel queue error[39m
2026-02-19 16:45:49:4549 [31merror[39m: [31mAuto-cancel queue error[39m
2026-02-19 16:45:49:4549 [31merror[39m: [31mAuto-cancel queue error[39m
2026-02-19 16:45:49:4549 [31merror[39m: [31mRedis Client Error[39m
2026-02-19 16:45:49:4549 [31merror[39m: [31mRedis Sub Client Error[39m
2026-02-19 16:45:49:4549 [31merror[39m: [31mRedis Pub Client Error[39m
2026-02-19 16:45:49:4549 [31merror[39m: [31mRedis Client Error[39m
2026-02-19 16:45:49:4549 [31merror[39m: [31mAuto-cancel queue error[39m
2026-02-19 16:45:49:4549 [31merror[39m: [31mAuto-cancel queue error[39m
2026-02-19 16:45:50:4550 [31merror[39m: [31mRedis Pub Client Error[39m
2026-02-19 16:45:50:4550 [31merror[39m: [31mRedis Sub Client Error[39m
2026-02-19 16:45:50:4550 [31merror[39m: [31mRedis Client Error[39m
2026-02-19 16:45:50:4550 [31merror[39m: [31mRedis Pub Client Error[39m
2026-02-19 16:45:50:4550 [31merror[39m: [31mAuto-cancel queue error[39m
2026-02-19 16:45:50:4550 [31merror[39m: [31mAuto-cancel queue error[39m
2026-02-19 16:45:50:4550 [31merror[39m: [31mRedis Sub Client Error[39m
2026-02-19 16:45:50:4550 [31merror[39m: [31mRedis Pub Client Error[39m
2026-02-19 16:45:50:4550 [31merror[39m: [31mRedis Client Error[39m
2026-02-19 16:45:50:4550 [31merror[39m: [31mRedis Sub Client Error[39m
2026-02-19 16:45:51:4551 [31merror[39m: [31mAuto-cancel queue error[39m
2026-02-19 16:45:51:4551 [31merror[39m: [31mAuto-cancel queue error[39m
2026-02-19 16:45:51:4551 [31merror[39m: [31mRedis Pub Client Error[39m
2026-02-19 16:45:51:4551 [31merror[39m: [31mRedis Client Error[39m
2026-02-19 16:45:51:4551 [31merror[39m: [31mRedis Sub Client Error[39m
2026-02-19 16:45:53:4553 [31merror[39m: [31mRedis Pub Client Error[39m
2026-02-19 16:45:53:4553 [31merror[39m: [31mRedis Client Error[39m
2026-02-19 16:45:53:4553 [31merror[39m: [31mRedis Sub Client Error[39m
2026-02-19 16:45:54:4554 [31merror[39m: [31mAuto-cancel queue error[39m
2026-02-19 16:45:54:4554 [31merror[39m: [31mAuto-cancel queue error[39m
2026-02-19 16:45:55:4555 [31merror[39m: [31mRedis Pub Client Error[39m
2026-02-19 16:45:55:4555 [31merror[39m: [31mRedis Client Error[39m
2026-02-19 16:45:55:4555 [31merror[39m: [31mRedis Sub Client Error[39m
2026-02-19 16:45:57:4557 [31merror[39m: [31mRedis Pub Client Error[39m
2026-02-19 16:45:57:4557 [31merror[39m: [31mRedis Client Error[39m
2026-02-19 16:45:57:4557 [31merror[39m: [31mRedis Sub Client Error[39m
2026-02-19 16:45:59:4559 [31merror[39m: [31mRedis Pub Client Error[39m
2026-02-19 16:45:59:4559 [31merror[39m: [31mRedis Client Error[39m
2026-02-19 16:46:00:460 [31merror[39m: [31mRedis Sub Client Error[39m
2026-02-19 16:46:01:461 [31merror[39m: [31mRedis Client Error[39m
2026-02-19 16:46:01:461 [31merror[39m: [31mRedis Pub Client Error[39m
2026-02-19 16:46:02:462 [31merror[39m: [31mRedis Sub Client Error[39m
2026-02-19 16:46:02:462 [31merror[39m: [31mAuto-cancel queue error[39m
2026-02-19 16:46:02:462 [31merror[39m: [31mAuto-cancel queue error[39m
2026-02-19 16:46:03:463 [31merror[39m: [31mRedis Pub Client Error[39m
2026-02-19 16:46:03:463 [31merror[39m: [31mRedis Client Error[39m
2026-02-19 16:46:04:464 [31merror[39m: [31mRedis Sub Client Error[39m
2026-02-19 16:46:05:465 [31merror[39m: [31mRedis Pub Client Error[39m
2026-02-19 16:46:06:466 [31merror[39m: [31mRedis Client Error[39m
2026-02-19 16:46:06:466 [31merror[39m: [31mRedis Sub Client Error[39m
2026-02-19 16:46:08:468 [31merror[39m: [31mRedis Pub Client Error[39m
2026-02-19 16:46:08:468 [31merror[39m: [31mRedis Client Error[39m
2026-02-19 16:46:08:468 [31merror[39m: [31mRedis Sub Client Error[39m
2026-02-19 16:46:10:4610 [31merror[39m: [31mRedis Client Error[39m
2026-02-19 16:46:10:4610 [31merror[39m: [31mRedis Pub Client Error[39m
2026-02-19 16:46:10:4610 [31merror[39m: [31mRedis Sub Client Error[39m
2026-02-19 16:46:12:4612 [31merror[39m: [31mRedis Pub Client Error[39m
2026-02-19 16:46:12:4612 [31merror[39m: [31mRedis Client Error[39m
2026-02-19 16:46:12:4612 [31merror[39m: [31mRedis Sub Client Error[39m
2026-02-19 16:46:14:4614 [31merror[39m: [31mRedis Client Error[39m
2026-02-19 16:46:14:4614 [31merror[39m: [31mRedis Pub Client Error[39m
2026-02-19 16:46:14:4614 [31merror[39m: [31mRedis Sub Client Error[39m
2026-02-19 16:46:16:4616 [31merror[39m: [31mRedis Pub Client Error[39m
2026-02-19 16:46:16:4616 [31merror[39m: [31mRedis Client Error[39m
2026-02-19 16:46:16:4616 [31merror[39m: [31mRedis Sub Client Error[39m
2026-02-19 16:46:18:4618 [31merror[39m: [31mRedis Client Error[39m
2026-02-19 16:46:18:4618 [31merror[39m: [31mRedis Pub Client Error[39m
2026-02-19 16:46:18:4618 [31merror[39m: [31mRedis Sub Client Error[39m
2026-02-19 16:46:20:4620 [31merror[39m: [31mRedis Client Error[39m
2026-02-19 16:46:20:4620 [31merror[39m: [31mRedis Pub Client Error[39m
2026-02-19 16:46:21:4621 [31merror[39m: [31mRedis Sub Client Error[39m
2026-02-19 16:46:22:4622 [31merror[39m: [31mAuto-cancel queue error[39m
2026-02-19 16:46:22:4622 [31merror[39m: [31mAuto-cancel queue error[39m
2026-02-19 16:46:22:4622 [31merror[39m: [31mRedis Client Error[39m
2026-02-19 16:46:22:4622 [31merror[39m: [31mRedis Pub Client Error[39m
2026-02-19 16:46:23:4623 [31merror[39m: [31mRedis Sub Client Error[39m
2026-02-19 16:46:24:4624 [31merror[39m: [31mRedis Client Error[39m
2026-02-19 16:46:24:4624 [31merror[39m: [31mRedis Pub Client Error[39m
2026-02-19 16:46:25:4625 [31merror[39m: [31mRedis Sub Client Error[39m
2026-02-19 16:46:26:4626 [31merror[39m: [31mRedis Client Error[39m
2026-02-19 16:46:27:4627 [31merror[39m: [31mRedis Pub Client Error[39m
2026-02-19 16:46:27:4627 [31merror[39m: [31mRedis Sub Client Error[39m
2026-02-19 16:46:28:4628 [31merror[39m: [31mRedis Client Error[39m
2026-02-19 16:46:29:4629 [31merror[39m: [31mRedis Pub Client Error[39m
2026-02-19 16:46:29:4629 [31merror[39m: [31mRedis Sub Client Error[39m
2026-02-19 16:46:30:4630 [31merror[39m: [31mRedis Client Error[39m
2026-02-19 16:46:31:4631 [31merror[39m: [31mRedis Pub Client Error[39m
2026-02-19 16:46:31:4631 [31merror[39m: [31mRedis Sub Client Error[39m
2026-02-19 16:46:32:4632 [31merror[39m: [31mRedis Client Error[39m
2026-02-19 16:46:33:4633 [31merror[39m: [31mRedis Pub Client Error[39m
2026-02-19 16:46:33:4633 [31merror[39m: [31mRedis Sub Client Error[39m
2026-02-19 16:46:34:4634 [31merror[39m: [31mRedis Client Error[39m
2026-02-19 16:46:35:4635 [31merror[39m: [31mRedis Pub Client Error[39m
2026-02-19 16:46:35:4635 [31merror[39m: [31mRedis Sub Client Error[39m
2026-02-19 16:46:37:4637 [31merror[39m: [31mRedis Client Error[39m
2026-02-19 16:46:37:4637 [31merror[39m: [31mRedis Pub Client Error[39m
2026-02-19 16:46:37:4637 [31merror[39m: [31mRedis Sub Client Error[39m
2026-02-19 16:46:39:4639 [31merror[39m: [31mRedis Client Error[39m
2026-02-19 16:46:39:4639 [31merror[39m: [31mRedis Pub Client Error[39m
2026-02-19 16:46:39:4639 [31merror[39m: [31mRedis Sub Client Error[39m
2026-02-19 16:46:41:4641 [31merror[39m: [31mRedis Client Error[39m
2026-02-19 16:46:41:4641 [31merror[39m: [31mRedis Pub Client Error[39m
2026-02-19 16:46:42:4642 [31merror[39m: [31mRedis Sub Client Error[39m
2026-02-19 16:46:42:4642 [31merror[39m: [31mAuto-cancel queue error[39m
2026-02-19 16:46:42:4642 [31merror[39m: [31mAuto-cancel queue error[39m
2026-02-19 16:46:43:4643 [31merror[39m: [31mRedis Client Error[39m
2026-02-19 16:46:43:4643 [31merror[39m: [31mRedis Pub Client Error[39m
2026-02-19 16:46:44:4644 [31merror[39m: [31mRedis Sub Client Error[39m
2026-02-19 16:46:45:4645 [31merror[39m: [31mRedis Client Error[39m
2026-02-19 16:46:45:4645 [31merror[39m: [31mRedis Pub Client Error[39m
2026-02-19 16:46:46:4646 [31merror[39m: [31mRedis Sub Client Error[39m
2026-02-19 16:46:47:4647 [31merror[39m: [31mRedis Client Error[39m
2026-02-19 16:46:47:4647 [31merror[39m: [31mRedis Pub Client Error[39m
2026-02-19 16:46:48:4648 [31merror[39m: [31mRedis Sub Client Error[39m
2026-02-19 16:46:49:4649 [31merror[39m: [31mRedis Client Error[39m
2026-02-19 16:46:49:4649 [31merror[39m: [31mRedis Pub Client Error[39m
2026-02-19 16:46:50:4650 [31merror[39m: [31mRedis Sub Client Error[39m
2026-02-19 16:46:51:4651 [31merror[39m: [31mRedis Client Error[39m
2026-02-19 16:46:51:4651 [31merror[39m: [31mRedis Pub Client Error[39m
2026-02-19 16:46:52:4652 [31merror[39m: [31mRedis Sub Client Error[39m
2026-02-19 16:46:53:4653 [31merror[39m: [31mRedis Client Error[39m
2026-02-19 16:46:54:4654 [31merror[39m: [31mRedis Pub Client Error[39m
2026-02-19 16:46:54:4654 [31merror[39m: [31mRedis Sub Client Error[39m
2026-02-19 16:46:55:4655 [31merror[39m: [31mRedis Client Error[39m
2026-02-19 16:46:56:4656 [31merror[39m: [31mRedis Pub Client Error[39m
2026-02-19 16:46:56:4656 [31merror[39m: [31mRedis Sub Client Error[39m
2026-02-19 16:46:57:4657 [31merror[39m: [31mRedis Client Error[39m
2026-02-19 16:46:58:4658 [31merror[39m: [31mRedis Pub Client Error[39m
2026-02-19 16:46:58:4658 [31merror[39m: [31mRedis Sub Client Error[39m
2026-02-19 16:47:00:470 [31merror[39m: [31mRedis Client Error[39m
2026-02-19 16:47:00:470 [31merror[39m: [31mRedis Pub Client Error[39m
2026-02-19 16:47:00:470 [31merror[39m: [31mRedis Sub Client Error[39m
2026-02-19 16:47:02:472 [31merror[39m: [31mRedis Client Error[39m
2026-02-19 16:47:02:472 [31merror[39m: [31mAuto-cancel queue error[39m
2026-02-19 16:47:02:472 [31merror[39m: [31mAuto-cancel queue error[39m
2026-02-19 16:47:02:472 [31merror[39m: [31mRedis Pub Client Error[39m
2026-02-19 16:47:02:472 [31merror[39m: [31mRedis Sub Client Error[39m
2026-02-19 16:47:04:474 [31merror[39m: [31mRedis Client Error[39m
2026-02-19 16:47:04:474 [31merror[39m: [31mRedis Pub Client Error[39m
2026-02-19 16:47:05:475 [31merror[39m: [31mRedis Sub Client Error[39m
2026-02-19 16:47:06:476 [31merror[39m: [31mRedis Client Error[39m
2026-02-19 16:47:06:476 [31merror[39m: [31mRedis Pub Client Error[39m
2026-02-19 16:47:07:477 [31merror[39m: [31mRedis Sub Client Error[39m
2026-02-19 16:47:08:478 [31merror[39m: [31mRedis Client Error[39m
2026-02-19 16:47:08:478 [31merror[39m: [31mRedis Pub Client Error[39m
2026-02-19 16:47:09:479 [31merror[39m: [31mRedis Sub Client Error[39m
2026-02-19 16:47:10:4710 [31merror[39m: [31mRedis Client Error[39m
2026-02-19 16:47:10:4710 [31merror[39m: [31mRedis Pub Client Error[39m
2026-02-19 16:47:11:4711 [31merror[39m: [31mRedis Sub Client Error[39m
2026-02-19 16:47:12:4712 [31merror[39m: [31mRedis Client Error[39m
2026-02-19 16:47:13:4713 [31merror[39m: [31mRedis Pub Client Error[39m
2026-02-19 16:47:13:4713 [31merror[39m: [31mRedis Sub Client Error[39m
2026-02-19 16:47:14:4714 [31merror[39m: [31mRedis Client Error[39m
2026-02-19 16:47:15:4715 [31merror[39m: [31mRedis Pub Client Error[39m
2026-02-19 16:47:15:4715 [31merror[39m: [31mRedis Sub Client Error[39m
2026-02-19 16:47:16:4716 [31merror[39m: [31mRedis Client Error[39m
2026-02-19 16:47:17:4717 [31merror[39m: [31mRedis Pub Client Error[39m
2026-02-19 16:47:17:4717 [31merror[39m: [31mRedis Sub Client Error[39m
2026-02-19 16:47:18:4718 [31merror[39m: [31mRedis Client Error[39m
2026-02-19 16:47:19:4719 [31merror[39m: [31mRedis Pub Client Error[39m
2026-02-19 16:47:19:4719 [31merror[39m: [31mRedis Sub Client Error[39m
2026-02-19 16:47:20:4720 [31merror[39m: [31mRedis Client Error[39m
2026-02-19 16:47:21:4721 [31merror[39m: [31mRedis Pub Client Error[39m
2026-02-19 16:47:22:4722 [31merror[39m: [31mRedis Sub Client Error[39m
2026-02-19 16:47:22:4722 [31merror[39m: [31mAuto-cancel queue error[39m
2026-02-19 16:47:22:4722 [31merror[39m: [31mAuto-cancel queue error[39m
2026-02-19 16:47:22:4722 [31merror[39m: [31mRedis Client Error[39m
2026-02-19 16:47:23:4723 [31merror[39m: [31mRedis Pub Client Error[39m
2026-02-19 16:47:24:4724 [31merror[39m: [31mRedis Sub Client Error[39m
2026-02-19 16:47:25:4725 [31merror[39m: [31mRedis Client Error[39m
2026-02-19 16:47:25:4725 [31merror[39m: [31mRedis Pub Client Error[39m
2026-02-19 16:47:26:4726 [31merror[39m: [31mRedis Sub Client Error[39m
2026-02-19 16:47:27:4727 [31merror[39m: [31mRedis Client Error[39m
2026-02-19 16:47:27:4727 [31merror[39m: [31mRedis Pub Client Error[39m
2026-02-19 16:47:28:4728 [31merror[39m: [31mRedis Sub Client Error[39m
2026-02-19 16:47:29:4729 [31merror[39m: [31mRedis Client Error[39m
2026-02-19 16:47:29:4729 [31merror[39m: [31mRedis Pub Client Error[39m
2026-02-19 16:47:30:4730 [31merror[39m: [31mRedis Sub Client Error[39m
2026-02-19 16:47:31:4731 [31merror[39m: [31mRedis Client Error[39m
2026-02-19 16:47:31:4731 [31merror[39m: [31mRedis Pub Client Error[39m
2026-02-19 16:47:32:4732 [31merror[39m: [31mRedis Sub Client Error[39m
2026-02-19 16:47:33:4733 [31merror[39m: [31mRedis Client Error[39m
2026-02-19 16:47:34:4734 [31merror[39m: [31mRedis Pub Client Error[39m
2026-02-19 16:47:34:4734 [31merror[39m: [31mRedis Sub Client Error[39m
2026-02-19 16:47:35:4735 [31merror[39m: [31mRedis Client Error[39m
2026-02-19 16:47:36:4736 [31merror[39m: [31mRedis Pub Client Error[39m
2026-02-19 16:47:36:4736 [31merror[39m: [31mRedis Sub Client Error[39m
2026-02-19 16:47:37:4737 [31merror[39m: [31mRedis Client Error[39m
2026-02-19 16:47:38:4738 [31merror[39m: [31mRedis Pub Client Error[39m
2026-02-19 16:47:38:4738 [31merror[39m: [31mRedis Sub Client Error[39m
2026-02-19 16:47:39:4739 [31merror[39m: [31mRedis Client Error[39m
2026-02-19 16:47:40:4740 [31merror[39m: [31mRedis Pub Client Error[39m
2026-02-19 16:47:40:4740 [31merror[39m: [31mRedis Sub Client Error[39m
2026-02-19 16:47:41:4741 [31merror[39m: [31mRedis Client Error[39m
2026-02-19 16:47:42:4742 [31merror[39m: [31mAuto-cancel queue error[39m
2026-02-19 16:47:42:4742 [31merror[39m: [31mAuto-cancel queue error[39m
2026-02-19 16:47:42:4742 [31merror[39m: [31mRedis Pub Client Error[39m
2026-02-19 16:47:42:4742 [31merror[39m: [31mRedis Sub Client Error[39m
2026-02-19 16:47:44:4744 [31merror[39m: [31mRedis Client Error[39m
2026-02-19 16:47:44:4744 [31merror[39m: [31mRedis Pub Client Error[39m
2026-02-19 16:47:44:4744 [31merror[39m: [31mRedis Sub Client Error[39m
2026-02-19 16:47:46:4746 [31merror[39m: [31mRedis Client Error[39m
2026-02-19 16:47:46:4746 [31merror[39m: [31mRedis Pub Client Error[39m
2026-02-19 16:47:47:4747 [31merror[39m: [31mRedis Sub Client Error[39m
2026-02-19 16:47:48:4748 [31merror[39m: [31mRedis Client Error[39m
2026-02-19 16:47:49:4749 [31merror[39m: [31mRedis Pub Client Error[39m
2026-02-19 16:47:49:4749 [31merror[39m: [31mRedis Sub Client Error[39m
2026-02-19 16:47:50:4750 [31merror[39m: [31mRedis Client Error[39m
2026-02-19 16:47:51:4751 [31merror[39m: [31mRedis Pub Client Error[39m
2026-02-19 16:47:51:4751 [31merror[39m: [31mRedis Sub Client Error[39m
2026-02-19 16:47:52:4752 [31merror[39m: [31mRedis Client Error[39m
2026-02-19 16:47:53:4753 [31merror[39m: [31mRedis Pub Client Error[39m
2026-02-19 16:47:53:4753 [31merror[39m: [31mRedis Sub Client Error[39m
2026-02-19 16:47:54:4754 [31merror[39m: [31mRedis Client Error[39m
2026-02-19 16:47:55:4755 [31merror[39m: [31mRedis Pub Client Error[39m
2026-02-19 16:47:55:4755 [31merror[39m: [31mRedis Sub Client Error[39m
2026-02-19 16:47:56:4756 [31merror[39m: [31mRedis Client Error[39m
2026-02-19 16:47:57:4757 [31merror[39m: [31mRedis Pub Client Error[39m
2026-02-19 16:47:57:4757 [31merror[39m: [31mRedis Sub Client Error[39m
2026-02-19 16:47:58:4758 [31merror[39m: [31mRedis Client Error[39m
2026-02-19 16:47:59:4759 [31merror[39m: [31mRedis Pub Client Error[39m
2026-02-19 16:47:59:4759 [31merror[39m: [31mRedis Sub Client Error[39m
2026-02-19 16:48:00:480 [31merror[39m: [31mRedis Client Error[39m
2026-02-19 16:48:01:481 [31merror[39m: [31mRedis Pub Client Error[39m
2026-02-19 16:48:01:481 [31merror[39m: [31mRedis Sub Client Error[39m
2026-02-19 16:48:02:482 [31merror[39m: [31mAuto-cancel queue error[39m
2026-02-19 16:48:02:482 [31merror[39m: [31mAuto-cancel queue error[39m
2026-02-19 16:48:02:482 [31merror[39m: [31mRedis Client Error[39m
2026-02-19 16:48:03:483 [31merror[39m: [31mRedis Pub Client Error[39m
2026-02-19 16:48:04:484 [31merror[39m: [31mRedis Sub Client Error[39m
2026-02-19 16:48:04:484 [31merror[39m: [31mRedis Client Error[39m
2026-02-19 16:48:05:485 [31merror[39m: [31mRedis Pub Client Error[39m
2026-02-19 16:48:06:486 [31merror[39m: [31mRedis Sub Client Error[39m
2026-02-19 16:48:07:487 [31merror[39m: [31mRedis Client Error[39m
2026-02-19 16:48:07:487 [31merror[39m: [31mRedis Pub Client Error[39m
2026-02-19 16:48:08:488 [31merror[39m: [31mRedis Sub Client Error[39m
2026-02-19 16:48:09:489 [31merror[39m: [31mRedis Client Error[39m
2026-02-19 16:48:09:489 [31merror[39m: [31mRedis Pub Client Error[39m
2026-02-19 16:48:10:4810 [31merror[39m: [31mRedis Sub Client Error[39m
2026-02-19 16:48:11:4811 [31merror[39m: [31mRedis Client Error[39m
2026-02-19 16:48:11:4811 [31merror[39m: [31mRedis Pub Client Error[39m
2026-02-19 16:48:12:4812 [31merror[39m: [31mRedis Sub Client Error[39m
2026-02-19 16:48:13:4813 [31merror[39m: [31mRedis Client Error[39m
2026-02-19 16:48:14:4814 [31merror[39m: [31mRedis Pub Client Error[39m
2026-02-19 16:48:14:4814 [31merror[39m: [31mRedis Sub Client Error[39m
2026-02-19 16:48:15:4815 [31merror[39m: [31mRedis Client Error[39m
2026-02-19 16:48:16:4816 [31merror[39m: [31mRedis Pub Client Error[39m
2026-02-19 16:48:16:4816 [31merror[39m: [31mRedis Sub Client Error[39m
2026-02-19 16:48:17:4817 [31merror[39m: [31mRedis Client Error[39m
2026-02-19 16:48:18:4818 [31merror[39m: [31mRedis Pub Client Error[39m
2026-02-19 16:48:18:4818 [31merror[39m: [31mRedis Sub Client Error[39m
2026-02-19 16:48:19:4819 [31merror[39m: [31mRedis Client Error[39m
2026-02-19 16:48:20:4820 [31merror[39m: [31mRedis Pub Client Error[39m
2026-02-19 16:48:20:4820 [31merror[39m: [31mRedis Sub Client Error[39m
2026-02-19 16:48:21:4821 [31merror[39m: [31mRedis Client Error[39m
2026-02-19 16:48:22:4822 [31merror[39m: [31mAuto-cancel queue error[39m
2026-02-19 16:48:22:4822 [31merror[39m: [31mAuto-cancel queue error[39m
2026-02-19 16:48:22:4822 [31merror[39m: [31mRedis Pub Client Error[39m
2026-02-19 16:48:22:4822 [31merror[39m: [31mRedis Sub Client Error[39m
2026-02-19 16:48:23:4823 [31merror[39m: [31mRedis Client Error[39m
2026-02-19 16:48:24:4824 [31merror[39m: [31mRedis Pub Client Error[39m
2026-02-19 16:48:25:4825 [31merror[39m: [31mRedis Sub Client Error[39m
2026-02-19 16:48:26:4826 [31merror[39m: [31mRedis Client Error[39m
2026-02-19 16:48:26:4826 [31merror[39m: [31mRedis Pub Client Error[39m
2026-02-19 16:48:27:4827 [31merror[39m: [31mRedis Sub Client Error[39m
2026-02-19 16:48:28:4828 [31merror[39m: [31mRedis Client Error[39m
2026-02-19 16:48:28:4828 [31merror[39m: [31mRedis Pub Client Error[39m
2026-02-19 16:48:29:4829 [31merror[39m: [31mRedis Sub Client Error[39m
2026-02-19 16:48:30:4830 [31merror[39m: [31mRedis Client Error[39m
2026-02-19 16:48:30:4830 [31merror[39m: [31mRedis Pub Client Error[39m
2026-02-19 16:48:31:4831 [31merror[39m: [31mRedis Sub Client Error[39m
2026-02-19 16:48:32:4832 [31merror[39m: [31mRedis Client Error[39m
2026-02-19 16:48:33:4833 [31merror[39m: [31mRedis Pub Client Error[39m
2026-02-19 16:48:33:4833 [31merror[39m: [31mRedis Sub Client Error[39m
2026-02-19 16:48:34:4834 [31merror[39m: [31mRedis Client Error[39m
2026-02-19 16:48:35:4835 [31merror[39m: [31mRedis Pub Client Error[39m
2026-02-19 16:48:35:4835 [31merror[39m: [31mRedis Sub Client Error[39m
2026-02-19 16:48:36:4836 [31merror[39m: [31mRedis Client Error[39m
2026-02-19 16:48:37:4837 [31merror[39m: [31mRedis Pub Client Error[39m
2026-02-19 16:48:37:4837 [31merror[39m: [31mRedis Sub Client Error[39m
2026-02-19 16:48:38:4838 [31merror[39m: [31mRedis Client Error[39m
2026-02-19 16:48:39:4839 [31merror[39m: [31mRedis Pub Client Error[39m
2026-02-19 16:48:39:4839 [31merror[39m: [31mRedis Sub Client Error[39m
2026-02-19 16:48:41:4841 [31merror[39m: [31mRedis Client Error[39m
2026-02-19 16:48:41:4841 [31merror[39m: [31mRedis Pub Client Error[39m
2026-02-19 16:48:42:4842 [31merror[39m: [31mRedis Sub Client Error[39m
2026-02-19 16:48:42:4842 [31merror[39m: [31mAuto-cancel queue error[39m
2026-02-19 16:48:42:4842 [31merror[39m: [31mAuto-cancel queue error[39m
2026-02-19 16:48:43:4843 [31merror[39m: [31mRedis Client Error[39m
2026-02-19 16:48:43:4843 [31merror[39m: [31mRedis Pub Client Error[39m
2026-02-19 16:48:44:4844 [31merror[39m: [31mRedis Sub Client Error[39m
2026-02-19 16:48:45:4845 [31merror[39m: [31mRedis Client Error[39m
2026-02-19 16:48:45:4845 [31merror[39m: [31mRedis Pub Client Error[39m
2026-02-19 16:48:46:4846 [31merror[39m: [31mRedis Sub Client Error[39m
2026-02-19 16:48:47:4847 [31merror[39m: [31mRedis Client Error[39m
2026-02-19 16:48:47:4847 [31merror[39m: [31mRedis Pub Client Error[39m
2026-02-19 16:48:48:4848 [31merror[39m: [31mRedis Sub Client Error[39m
2026-02-19 16:48:49:4849 [31merror[39m: [31mRedis Client Error[39m
2026-02-19 16:48:49:4849 [31merror[39m: [31mRedis Pub Client Error[39m
2026-02-19 16:48:50:4850 [31merror[39m: [31mRedis Sub Client Error[39m
2026-02-19 16:48:51:4851 [31merror[39m: [31mRedis Client Error[39m
2026-02-19 16:48:51:4851 [31merror[39m: [31mRedis Pub Client Error[39m
2026-02-19 16:48:52:4852 [31merror[39m: [31mRedis Sub Client Error[39m
2026-02-19 16:50:05:505 [31merror[39m: [31mRedis Client Error[39m
2026-02-19 16:50:05:505 [31merror[39m: [31mRedis Pub Client Error[39m
2026-02-19 16:50:05:505 [31merror[39m: [31mRedis Sub Client Error[39m
2026-02-19 16:50:05:505 [31merror[39m: [31mAuto-cancel queue error[39m
2026-02-19 16:50:05:505 [31merror[39m: [31mAuto-cancel queue error[39m
2026-02-19 16:50:05:505 [31merror[39m: [31mAuto-cancel queue error[39m
2026-02-19 16:50:05:505 [31merror[39m: [31mAuto-cancel queue error[39m
2026-02-19 16:50:05:505 [31merror[39m: [31mAuto-cancel queue error[39m
2026-02-19 16:50:05:505 [31merror[39m: [31mAuto-cancel queue error[39m
2026-02-19 16:50:05:505 [31merror[39m: [31mAuto-cancel queue error[39m
2026-02-19 16:50:05:505 [31merror[39m: [31mAuto-cancel queue error[39m
2026-02-19 16:50:05:505 [31merror[39m: [31mRedis Pub Client Error[39m
2026-02-19 16:50:05:505 [31merror[39m: [31mAuto-cancel queue error[39m
2026-02-19 16:50:05:505 [31merror[39m: [31mAuto-cancel queue error[39m
2026-02-19 16:50:05:505 [31merror[39m: [31mRedis Sub Client Error[39m
2026-02-19 16:50:05:505 [31merror[39m: [31mRedis Pub Client Error[39m
2026-02-19 16:50:05:505 [31merror[39m: [31mRedis Client Error[39m
2026-02-19 16:50:05:505 [31merror[39m: [31mAuto-cancel queue error[39m
2026-02-19 16:50:05:505 [31merror[39m: [31mAuto-cancel queue error[39m
2026-02-19 16:50:05:505 [31merror[39m: [31mRedis Sub Client Error[39m
2026-02-19 16:50:05:505 [31merror[39m: [31mRedis Pub Client Error[39m
2026-02-19 16:50:05:505 [31merror[39m: [31mRedis Client Error[39m
2026-02-19 16:50:05:505 [31merror[39m: [31mRedis Sub Client Error[39m
2026-02-19 16:50:06:506 [31merror[39m: [31mAuto-cancel queue error[39m
2026-02-19 16:50:06:506 [31merror[39m: [31mAuto-cancel queue error[39m
2026-02-19 16:50:06:506 [31merror[39m: [31mRedis Client Error[39m
2026-02-19 16:50:06:506 [31merror[39m: [31mRedis Pub Client Error[39m
2026-02-19 16:50:06:506 [31merror[39m: [31mRedis Sub Client Error[39m
2026-02-19 16:50:06:506 [31merror[39m: [31mRedis Client Error[39m
2026-02-19 16:50:07:507 [31merror[39m: [31mAuto-cancel queue error[39m
2026-02-19 16:50:07:507 [31merror[39m: [31mAuto-cancel queue error[39m
2026-02-19 16:50:07:507 [31merror[39m: [31mRedis Pub Client Error[39m
2026-02-19 16:50:07:507 [31merror[39m: [31mRedis Sub Client Error[39m
2026-02-19 16:50:07:507 [31merror[39m: [31mRedis Client Error[39m
2026-02-19 16:50:08:508 [31merror[39m: [31mRedis Pub Client Error[39m
2026-02-19 16:50:09:509 [31merror[39m: [31mRedis Sub Client Error[39m
2026-02-19 16:50:09:509 [31merror[39m: [31mRedis Client Error[39m
2026-02-19 16:50:10:5010 [31merror[39m: [31mAuto-cancel queue error[39m
2026-02-19 16:50:10:5010 [31merror[39m: [31mAuto-cancel queue error[39m
2026-02-19 16:50:11:5011 [31merror[39m: [31mRedis Pub Client Error[39m
2026-02-19 16:50:11:5011 [31merror[39m: [31mRedis Sub Client Error[39m
2026-02-20 20:35:41:3541 [31merror[39m: [31mRedis Client Error Connection timeout[39m
2026-02-21 15:11:19:1119 [31merror[39m: [31mWhatsApp status check failed: messages is not iterable[39m
2026-02-21 15:11:21:1121 [31merror[39m: [31mWhatsApp status check failed: messages is not iterable[39m
2026-02-21 15:11:24:1124 [31merror[39m: [31mWhatsApp status check failed: messages is not iterable[39m
2026-02-21 15:11:27:1127 [31merror[39m: [31mWhatsApp status check failed: messages is not iterable[39m
2026-02-21 15:11:30:1130 [31merror[39m: [31mWhatsApp status check failed: messages is not iterable[39m
2026-02-21 15:11:33:1133 [31merror[39m: [31mWhatsApp status check failed: messages is not iterable[39m
2026-02-21 15:11:36:1136 [31merror[39m: [31mWhatsApp status check failed: messages is not iterable[39m
2026-02-21 15:11:39:1139 [31merror[39m: [31mWhatsApp status check failed: messages is not iterable[39m
2026-02-21 15:11:42:1142 [31merror[39m: [31mWhatsApp status check failed: messages is not iterable[39m
2026-02-21 15:11:45:1145 [31merror[39m: [31mWhatsApp status check failed: messages is not iterable[39m
2026-02-21 15:11:48:1148 [31merror[39m: [31mWhatsApp status check failed: messages is not iterable[39m
2026-02-21 15:11:51:1151 [31merror[39m: [31mWhatsApp status check failed: messages is not iterable[39m
2026-02-21 15:11:54:1154 [31merror[39m: [31mWhatsApp status check failed: messages is not iterable[39m
2026-02-21 15:11:58:1158 [31merror[39m: [31mWhatsApp status check failed: messages is not iterable[39m
2026-02-21 22:58:33:5833 [31merror[39m: [31mHealth Check DB Failed Connection terminated due to connection timeout[39m
2026-02-21 22:59:23:5923 [31merror[39m: [31mHealth Check DB Failed Connection terminated due to connection timeout[39m
2026-02-21 22:59:26:5926 [31merror[39m: [31mHealth Check DB Failed Connection terminated due to connection timeout[39m
2026-02-21 22:59:59:5959 [31merror[39m: [31mHealth Check DB Failed Connection terminated due to connection timeout[39m
2026-02-21 23:01:01:11 [31merror[39m: [31mHealth Check DB Failed [39m
[31mInvalid `prisma.$queryRaw()` invocation:[39m


[31mRaw query failed. Code: `N/A`. Message: `Error opening a TLS connection: self-signed certificate in certificate chain`[39m
2026-02-21 23:01:11:111 [31merror[39m: [31mHealth Check DB Failed [39m
[31mInvalid `prisma.$queryRaw()` invocation:[39m


[31mRaw query failed. Code: `N/A`. Message: `Error opening a TLS connection: self-signed certificate in certificate chain`[39m
2026-02-21 23:02:17:217 [31merror[39m: [31mHealth Check DB Failed [39m
[31mInvalid `prisma.$queryRaw()` invocation:[39m


[31mRaw query failed. Code: `N/A`. Message: `Error opening a TLS connection: self-signed certificate in certificate chain`[39m
2026-02-21 23:03:01:31 [31merror[39m: [31mHealth Check DB Failed Connection terminated due to connection timeout[39m
2026-02-21 23:03:30:330 [31merror[39m: [31mHealth Check DB Failed Connection terminated due to connection timeout[39m
2026-02-22 13:02:49:249 [31merror[39m: [31mWhatsApp status check failed: [39m
[31mInvalid `prisma.user.findUnique()` invocation in[39m
[31mC:\Users\MAYANK\OneDrive\Desktop\bmv_new\server\src\controllers\authController.ts:176:54[39m

[31m  173 }[39m
[31m  174 [39m
[31m  175 // 4. Login user (same as verifyOtpAndLogin)[39m
[31m→ 176 let user = await withRetry(() => prisma.user.findUnique([39m
[31mError opening a TLS connection: self-signed certificate in certificate chain[39m
2026-02-22 13:02:51:251 [31merror[39m: [31mWhatsApp status check failed: [39m
[31mInvalid `prisma.user.findUnique()` invocation in[39m
[31mC:\Users\MAYANK\OneDrive\Desktop\bmv_new\server\src\controllers\authController.ts:176:54[39m

[31m  173 }[39m
[31m  174 [39m
[31m  175 // 4. Login user (same as verifyOtpAndLogin)[39m
[31m→ 176 let user = await withRetry(() => prisma.user.findUnique([39m
[31mError opening a TLS connection: self-signed certificate in certificate chain[39m
2026-02-22 13:02:54:254 [31merror[39m: [31mWhatsApp status check failed: [39m
[31mInvalid `prisma.user.findUnique()` invocation in[39m
[31mC:\Users\MAYANK\OneDrive\Desktop\bmv_new\server\src\controllers\authController.ts:176:54[39m

[31m  173 }[39m
[31m  174 [39m
[31m  175 // 4. Login user (same as verifyOtpAndLogin)[39m
[31m→ 176 let user = await withRetry(() => prisma.user.findUnique([39m
[31mError opening a TLS connection: self-signed certificate in certificate chain[39m
2026-02-22 13:02:57:257 [31merror[39m: [31mWhatsApp status check failed: [39m
[31mInvalid `prisma.user.findUnique()` invocation in[39m
[31mC:\Users\MAYANK\OneDrive\Desktop\bmv_new\server\src\controllers\authController.ts:176:54[39m

[31m  173 }[39m
[31m  174 [39m
[31m  175 // 4. Login user (same as verifyOtpAndLogin)[39m
[31m→ 176 let user = await withRetry(() => prisma.user.findUnique([39m
[31mError opening a TLS connection: self-signed certificate in certificate chain[39m
2026-02-22 13:03:00:30 [31merror[39m: [31mWhatsApp status check failed: [39m
[31mInvalid `prisma.user.findUnique()` invocation in[39m
[31mC:\Users\MAYANK\OneDrive\Desktop\bmv_new\server\src\controllers\authController.ts:176:54[39m

[31m  173 }[39m
[31m  174 [39m
[31m  175 // 4. Login user (same as verifyOtpAndLogin)[39m
[31m→ 176 let user = await withRetry(() => prisma.user.findUnique([39m
[31mError opening a TLS connection: self-signed certificate in certificate chain[39m
2026-02-22 13:03:03:33 [31merror[39m: [31mWhatsApp status check failed: [39m
[31mInvalid `prisma.user.findUnique()` invocation in[39m
[31mC:\Users\MAYANK\OneDrive\Desktop\bmv_new\server\src\controllers\authController.ts:176:54[39m

[31m  173 }[39m
[31m  174 [39m
[31m  175 // 4. Login user (same as verifyOtpAndLogin)[39m
[31m→ 176 let user = await withRetry(() => prisma.user.findUnique([39m
[31mError opening a TLS connection: self-signed certificate in certificate chain[39m
2026-02-22 13:03:06:36 [31merror[39m: [31mWhatsApp status check failed: [39m
[31mInvalid `prisma.user.findUnique()` invocation in[39m
[31mC:\Users\MAYANK\OneDrive\Desktop\bmv_new\server\src\controllers\authController.ts:176:54[39m

[31m  173 }[39m
[31m  174 [39m
[31m  175 // 4. Login user (same as verifyOtpAndLogin)[39m
[31m→ 176 let user = await withRetry(() => prisma.user.findUnique([39m
[31mError opening a TLS connection: self-signed certificate in certificate chain[39m
2026-02-22 13:03:09:39 [31merror[39m: [31mWhatsApp status check failed: [39m
[31mInvalid `prisma.user.findUnique()` invocation in[39m
[31mC:\Users\MAYANK\OneDrive\Desktop\bmv_new\server\src\controllers\authController.ts:176:54[39m

[31m  173 }[39m
[31m  174 [39m
[31m  175 // 4. Login user (same as verifyOtpAndLogin)[39m
[31m→ 176 let user = await withRetry(() => prisma.user.findUnique([39m
[31mError opening a TLS connection: self-signed certificate in certificate chain[39m
2026-02-22 13:03:12:312 [31merror[39m: [31mWhatsApp status check failed: [39m
[31mInvalid `prisma.user.findUnique()` invocation in[39m
[31mC:\Users\MAYANK\OneDrive\Desktop\bmv_new\server\src\controllers\authController.ts:176:54[39m

[31m  173 }[39m
[31m  174 [39m
[31m  175 // 4. Login user (same as verifyOtpAndLogin)[39m
[31m→ 176 let user = await withRetry(() => prisma.user.findUnique([39m
[31mError opening a TLS connection: self-signed certificate in certificate chain[39m
2026-02-22 13:03:15:315 [31merror[39m: [31mWhatsApp status check failed: [39m
[31mInvalid `prisma.user.findUnique()` invocation in[39m
[31mC:\Users\MAYANK\OneDrive\Desktop\bmv_new\server\src\controllers\authController.ts:176:54[39m

[31m  173 }[39m
[31m  174 [39m
[31m  175 // 4. Login user (same as verifyOtpAndLogin)[39m
[31m→ 176 let user = await withRetry(() => prisma.user.findUnique([39m
[31mError opening a TLS connection: self-signed certificate in certificate chain[39m
2026-02-22 13:03:18:318 [31merror[39m: [31mWhatsApp status check failed: [39m
[31mInvalid `prisma.user.findUnique()` invocation in[39m
[31mC:\Users\MAYANK\OneDrive\Desktop\bmv_new\server\src\controllers\authController.ts:176:54[39m

[31m  173 }[39m
[31m  174 [39m
[31m  175 // 4. Login user (same as verifyOtpAndLogin)[39m
[31m→ 176 let user = await withRetry(() => prisma.user.findUnique([39m
[31mError opening a TLS connection: self-signed certificate in certificate chain[39m
2026-02-22 13:03:21:321 [31merror[39m: [31mWhatsApp status check failed: [39m
[31mInvalid `prisma.user.findUnique()` invocation in[39m
[31mC:\Users\MAYANK\OneDrive\Desktop\bmv_new\server\src\controllers\authController.ts:176:54[39m

[31m  173 }[39m
[31m  174 [39m
[31m  175 // 4. Login user (same as verifyOtpAndLogin)[39m
[31m→ 176 let user = await withRetry(() => prisma.user.findUnique([39m
[31mError opening a TLS connection: self-signed certificate in certificate chain[39m
2026-02-22 13:03:24:324 [31merror[39m: [31mWhatsApp status check failed: [39m
[31mInvalid `prisma.user.findUnique()` invocation in[39m
[31mC:\Users\MAYANK\OneDrive\Desktop\bmv_new\server\src\controllers\authController.ts:176:54[39m

[31m  173 }[39m
[31m  174 [39m
[31m  175 // 4. Login user (same as verifyOtpAndLogin)[39m
[31m→ 176 let user = await withRetry(() => prisma.user.findUnique([39m
[31mError opening a TLS connection: self-signed certificate in certificate chain[39m
2026-02-22 13:03:27:327 [31merror[39m: [31mWhatsApp status check failed: [39m
[31mInvalid `prisma.user.findUnique()` invocation in[39m
[31mC:\Users\MAYANK\OneDrive\Desktop\bmv_new\server\src\controllers\authController.ts:176:54[39m

[31m  173 }[39m
[31m  174 [39m
[31m  175 // 4. Login user (same as verifyOtpAndLogin)[39m
[31m→ 176 let user = await withRetry(() => prisma.user.findUnique([39m
[31mError opening a TLS connection: self-signed certificate in certificate chain[39m
2026-02-22 13:03:30:330 [31merror[39m: [31mWhatsApp status check failed: [39m
[31mInvalid `prisma.user.findUnique()` invocation in[39m
[31mC:\Users\MAYANK\OneDrive\Desktop\bmv_new\server\src\controllers\authController.ts:176:54[39m

[31m  173 }[39m
[31m  174 [39m
[31m  175 // 4. Login user (same as verifyOtpAndLogin)[39m
[31m→ 176 let user = await withRetry(() => prisma.user.findUnique([39m
[31mError opening a TLS connection: self-signed certificate in certificate chain[39m
2026-02-22 13:03:33:333 [31merror[39m: [31mWhatsApp status check failed: [39m
[31mInvalid `prisma.user.findUnique()` invocation in[39m
[31mC:\Users\MAYANK\OneDrive\Desktop\bmv_new\server\src\controllers\authController.ts:176:54[39m

[31m  173 }[39m
[31m  174 [39m
[31m  175 // 4. Login user (same as verifyOtpAndLogin)[39m
[31m→ 176 let user = await withRetry(() => prisma.user.findUnique([39m
[31mError opening a TLS connection: self-signed certificate in certificate chain[39m
2026-02-22 13:03:36:336 [31merror[39m: [31mWhatsApp status check failed: [39m
[31mInvalid `prisma.user.findUnique()` invocation in[39m
[31mC:\Users\MAYANK\OneDrive\Desktop\bmv_new\server\src\controllers\authController.ts:176:54[39m

[31m  173 }[39m
[31m  174 [39m
[31m  175 // 4. Login user (same as verifyOtpAndLogin)[39m
[31m→ 176 let user = await withRetry(() => prisma.user.findUnique([39m
[31mError opening a TLS connection: self-signed certificate in certificate chain[39m
2026-02-22 13:03:39:339 [31merror[39m: [31mWhatsApp status check failed: [39m
[31mInvalid `prisma.user.findUnique()` invocation in[39m
[31mC:\Users\MAYANK\OneDrive\Desktop\bmv_new\server\src\controllers\authController.ts:176:54[39m

[31m  173 }[39m
[31m  174 [39m
[31m  175 // 4. Login user (same as verifyOtpAndLogin)[39m
[31m→ 176 let user = await withRetry(() => prisma.user.findUnique([39m
[31mError opening a TLS connection: self-signed certificate in certificate chain[39m
2026-02-22 13:03:47:347 [31merror[39m: [31mWhatsApp status check failed: [39m
[31mInvalid `prisma.user.findUnique()` invocation in[39m
[31mC:\Users\MAYANK\OneDrive\Desktop\bmv_new\server\src\controllers\authController.ts:176:54[39m

[31m  173 }[39m
[31m  174 [39m
[31m  175 // 4. Login user (same as verifyOtpAndLogin)[39m
[31m→ 176 let user = await withRetry(() => prisma.user.findUnique([39m
[31mError opening a TLS connection: self-signed certificate in certificate chain[39m
2026-02-22 13:03:48:348 [31merror[39m: [31mWhatsApp status check failed: [39m
[31mInvalid `prisma.user.findUnique()` invocation in[39m
[31mC:\Users\MAYANK\OneDrive\Desktop\bmv_new\server\src\controllers\authController.ts:176:54[39m

[31m  173 }[39m
[31m  174 [39m
[31m  175 // 4. Login user (same as verifyOtpAndLogin)[39m
[31m→ 176 let user = await withRetry(() => prisma.user.findUnique([39m
[31mError opening a TLS connection: self-signed certificate in certificate chain[39m
2026-02-22 13:03:51:351 [31merror[39m: [31mWhatsApp status check failed: [39m
[31mInvalid `prisma.user.findUnique()` invocation in[39m
[31mC:\Users\MAYANK\OneDrive\Desktop\bmv_new\server\src\controllers\authController.ts:176:54[39m

[31m  173 }[39m
[31m  174 [39m
[31m  175 // 4. Login user (same as verifyOtpAndLogin)[39m
[31m→ 176 let user = await withRetry(() => prisma.user.findUnique([39m
[31mError opening a TLS connection: self-signed certificate in certificate chain[39m
2026-02-22 13:03:54:354 [31merror[39m: [31mWhatsApp status check failed: [39m
[31mInvalid `prisma.user.findUnique()` invocation in[39m
[31mC:\Users\MAYANK\OneDrive\Desktop\bmv_new\server\src\controllers\authController.ts:176:54[39m

[31m  173 }[39m
[31m  174 [39m
[31m  175 // 4. Login user (same as verifyOtpAndLogin)[39m
[31m→ 176 let user = await withRetry(() => prisma.user.findUnique([39m
[31mError opening a TLS connection: self-signed certificate in certificate chain[39m
2026-02-22 13:03:57:357 [31merror[39m: [31mWhatsApp status check failed: [39m
[31mInvalid `prisma.user.findUnique()` invocation in[39m
[31mC:\Users\MAYANK\OneDrive\Desktop\bmv_new\server\src\controllers\authController.ts:176:54[39m

[31m  173 }[39m
[31m  174 [39m
[31m  175 // 4. Login user (same as verifyOtpAndLogin)[39m
[31m→ 176 let user = await withRetry(() => prisma.user.findUnique([39m
[31mError opening a TLS connection: self-signed certificate in certificate chain[39m
2026-02-22 13:04:00:40 [31merror[39m: [31mWhatsApp status check failed: [39m
[31mInvalid `prisma.user.findUnique()` invocation in[39m
[31mC:\Users\MAYANK\OneDrive\Desktop\bmv_new\server\src\controllers\authController.ts:176:54[39m

[31m  173 }[39m
[31m  174 [39m
[31m  175 // 4. Login user (same as verifyOtpAndLogin)[39m
[31m→ 176 let user = await withRetry(() => prisma.user.findUnique([39m
[31mError opening a TLS connection: self-signed certificate in certificate chain[39m
2026-02-22 13:04:03:43 [31merror[39m: [31mWhatsApp status check failed: [39m
[31mInvalid `prisma.user.findUnique()` invocation in[39m
[31mC:\Users\MAYANK\OneDrive\Desktop\bmv_new\server\src\controllers\authController.ts:176:54[39m

[31m  173 }[39m
[31m  174 [39m
[31m  175 // 4. Login user (same as verifyOtpAndLogin)[39m
[31m→ 176 let user = await withRetry(() => prisma.user.findUnique([39m
[31mError opening a TLS connection: self-signed certificate in certificate chain[39m
2026-02-22 13:04:07:47 [31merror[39m: [31mHealth Check DB Failed [39m
[31mInvalid `prisma.$queryRaw()` invocation:[39m


[31mRaw query failed. Code: `N/A`. Message: `Error opening a TLS connection: self-signed certificate in certificate chain`[39m
2026-02-22 13:04:15:415 [31merror[39m: [31mWhatsApp status check failed: [39m
[31mInvalid `prisma.user.findUnique()` invocation in[39m
[31mC:\Users\MAYANK\OneDrive\Desktop\bmv_new\server\src\controllers\authController.ts:176:54[39m

[31m  173 }[39m
[31m  174 [39m
[31m  175 // 4. Login user (same as verifyOtpAndLogin)[39m
[31m→ 176 let user = await withRetry(() => prisma.user.findUnique([39m
[31mError opening a TLS connection: self-signed certificate in certificate chain[39m
2026-02-22 13:04:47:447 [31merror[39m: [31mHealth Check DB Failed [39m
[31mInvalid `prisma.$queryRaw()` invocation:[39m


[31mRaw query failed. Code: `N/A`. Message: `Error opening a TLS connection: self-signed certificate in certificate chain`[39m
2026-02-22 13:05:39:539 [31merror[39m: [31mHealth Check DB Failed [39m
[31mInvalid `prisma.$queryRaw()` invocation:[39m


[31mRaw query failed. Code: `N/A`. Message: `Error opening a TLS connection: self-signed certificate in certificate chain`[39m
2026-02-22 14:58:05:585 [31merror[39m: [31mQR Webhook Processing Error: [39m
[31mInvalid `tx.payment.findUnique()` invocation in[39m
[31mC:\Users\MAYANK\OneDrive\Desktop\bmv_new\server\src\services\qrProcessingService.ts:41:54[39m

[31m  38 }) {[39m
[31m  39     return await withTransactionRetry(async (tx) => {[39m
[31m  40         // 1. Idempotency Check: Look for existing journal or payment record[39m
[31m→ 41         const existingPayment = await tx.payment.findUnique({[39m
[31m               where: {[39m
[31m                 transactionId: "V3_1771752484323",[39m
[31m             ?   id?: String,[39m
[31m             ?   AND?: PaymentWhereInput | PaymentWhereInput[],[39m
[31m             ?   OR?: PaymentWhereInput[],[39m
[31m             ?   NOT?: PaymentWhereInput | PaymentWhereInput[],[39m
[31m             ?   orderId?: StringFilter | String,[39m
[31m             ?   amount?: DecimalFilter | Decimal,[39m
[31m             ?   method?: StringFilter | String,[39m
[31m             ?   status?: StringFilter | String,[39m
[31m             ?   metadata?: JsonNullableFilter,[39m
[31m             ?   createdAt?: DateTimeFilter | DateTime,[39m
[31m             ?   order?: OrderScalarRelationFilter | OrderWhereInput[39m
[31m               }[39m
[31m             })[39m

[31mArgument `where` of type PaymentWhereUniqueInput needs at least one of `id` arguments. Available options are marked with ?.[39m
2026-02-22 14:58:32:5832 [31merror[39m: [31mQR Webhook Processing Error: [39m
[31mInvalid `tx.payment.findUnique()` invocation in[39m
[31mC:\Users\MAYANK\OneDrive\Desktop\bmv_new\server\src\services\qrProcessingService.ts:41:54[39m

[31m  38 }) {[39m
[31m  39     return await withTransactionRetry(async (tx) => {[39m
[31m  40         // 1. Idempotency Check: Look for existing journal or payment record[39m
[31m→ 41         const existingPayment = await tx.payment.findUnique({[39m
[31m               where: {[39m
[31m                 transactionId: "V3_1771752511632",[39m
[31m             ?   id?: String,[39m
[31m             ?   AND?: PaymentWhereInput | PaymentWhereInput[],[39m
[31m             ?   OR?: PaymentWhereInput[],[39m
[31m             ?   NOT?: PaymentWhereInput | PaymentWhereInput[],[39m
[31m             ?   orderId?: StringFilter | String,[39m
[31m             ?   amount?: DecimalFilter | Decimal,[39m
[31m             ?   method?: StringFilter | String,[39m
[31m             ?   status?: StringFilter | String,[39m
[31m             ?   metadata?: JsonNullableFilter,[39m
[31m             ?   createdAt?: DateTimeFilter | DateTime,[39m
[31m             ?   order?: OrderScalarRelationFilter | OrderWhereInput[39m
[31m               }[39m
[31m             })[39m

[31mArgument `where` of type PaymentWhereUniqueInput needs at least one of `id` arguments. Available options are marked with ?.[39m
2026-02-22 14:59:09:599 [31merror[39m: [31mQR Webhook Processing Error: [39m
[31mInvalid `tx.payment.findUnique()` invocation in[39m
[31mC:\Users\MAYANK\OneDrive\Desktop\bmv_new\server\src\services\qrProcessingService.ts:41:54[39m

[31m  38 }) {[39m
[31m  39     return await withTransactionRetry(async (tx) => {[39m
[31m  40         // 1. Idempotency Check: Look for existing journal or payment record[39m
[31m→ 41         const existingPayment = await tx.payment.findUnique({[39m
[31m               where: {[39m
[31m                 transactionId: "V3_1771752548278",[39m
[31m             ?   id?: String,[39m
[31m             ?   AND?: PaymentWhereInput | PaymentWhereInput[],[39m
[31m             ?   OR?: PaymentWhereInput[],[39m
[31m             ?   NOT?: PaymentWhereInput | PaymentWhereInput[],[39m
[31m             ?   orderId?: StringFilter | String,[39m
[31m             ?   amount?: DecimalFilter | Decimal,[39m
[31m             ?   method?: StringFilter | String,[39m
[31m             ?   status?: StringFilter | String,[39m
[31m             ?   metadata?: JsonNullableFilter,[39m
[31m             ?   createdAt?: DateTimeFilter | DateTime,[39m
[31m             ?   order?: OrderScalarRelationFilter | OrderWhereInput[39m
[31m               }[39m
[31m             })[39m

[31mArgument `where` of type PaymentWhereUniqueInput needs at least one of `id` arguments. Available options are marked with ?.[39m
2026-02-22 14:59:50:5950 [31merror[39m: [31mQR Webhook Processing Error: [39m
[31mInvalid `tx.payment.findUnique()` invocation in[39m
[31mC:\Users\MAYANK\OneDrive\Desktop\bmv_new\server\src\services\qrProcessingService.ts:42:58[39m

[31m  39 try {[39m
[31m  40     return await withTransactionRetry(async (tx) => {[39m
[31m  41         // 1. Idempotency Check: Look for existing journal or payment record[39m
[31m→ 42         const existingPayment = await tx.payment.findUnique({[39m
[31m               where: {[39m
[31m                 transactionId: "V3_1771752590305",[39m
[31m             ?   id?: String,[39m
[31m             ?   AND?: PaymentWhereInput | PaymentWhereInput[],[39m
[31m             ?   OR?: PaymentWhereInput[],[39m
[31m             ?   NOT?: PaymentWhereInput | PaymentWhereInput[],[39m
[31m             ?   orderId?: StringFilter | String,[39m
[31m             ?   amount?: DecimalFilter | Decimal,[39m
[31m             ?   method?: StringFilter | String,[39m
[31m             ?   status?: StringFilter | String,[39m
[31m             ?   metadata?: JsonNullableFilter,[39m
[31m             ?   createdAt?: DateTimeFilter | DateTime,[39m
[31m             ?   order?: OrderScalarRelationFilter | OrderWhereInput[39m
[31m               }[39m
[31m             })[39m

[31mArgument `where` of type PaymentWhereUniqueInput needs at least one of `id` arguments. Available options are marked with ?.[39m
2026-02-22 15:00:20:020 [31merror[39m: [31mQR Webhook Processing Error: [39m
[31mInvalid `tx.payment.findUnique()` invocation in[39m
[31mC:\Users\MAYANK\OneDrive\Desktop\bmv_new\server\src\services\qrProcessingService.ts:42:58[39m

[31m  39 try {[39m
[31m  40     return await withTransactionRetry(async (tx) => {[39m
[31m  41         // 1. Idempotency Check: Look for existing journal or payment record[39m
[31m→ 42         const existingPayment = await tx.payment.findUnique({[39m
[31m               where: {[39m
[31m                 transactionId: "V3_1771752619555",[39m
[31m             ?   id?: String,[39m
[31m             ?   AND?: PaymentWhereInput | PaymentWhereInput[],[39m
[31m             ?   OR?: PaymentWhereInput[],[39m
[31m             ?   NOT?: PaymentWhereInput | PaymentWhereInput[],[39m
[31m             ?   orderId?: StringFilter | String,[39m
[31m             ?   amount?: DecimalFilter | Decimal,[39m
[31m             ?   method?: StringFilter | String,[39m
[31m             ?   status?: StringFilter | String,[39m
[31m             ?   metadata?: JsonNullableFilter,[39m
[31m             ?   createdAt?: DateTimeFilter | DateTime,[39m
[31m             ?   order?: OrderScalarRelationFilter | OrderWhereInput[39m
[31m               }[39m
[31m             })[39m

[31mArgument `where` of type PaymentWhereUniqueInput needs at least one of `id` arguments. Available options are marked with ?.[39m
2026-02-22 15:02:51:251 [31merror[39m: [31mQR Webhook Processing Error: [39m
[31mInvalid `tx.payment.findUnique()` invocation in[39m
[31mC:\Users\MAYANK\OneDrive\Desktop\bmv_new\server\src\services\qrProcessingService.ts:42:58[39m

[31m  39 try {[39m
[31m  40     return await withTransactionRetry(async (tx) => {[39m
[31m  41         // 1. Idempotency Check: Look for existing journal or payment record[39m
[31m→ 42         const existingPayment = await tx.payment.findUnique({[39m
[31m               where: {[39m
[31m                 transactionId: "V3_1771752770486",[39m
[31m             ?   id?: String,[39m
[31m             ?   AND?: PaymentWhereInput | PaymentWhereInput[],[39m
[31m             ?   OR?: PaymentWhereInput[],[39m
[31m             ?   NOT?: PaymentWhereInput | PaymentWhereInput[],[39m
[31m             ?   orderId?: StringFilter | String,[39m
[31m             ?   amount?: DecimalFilter | Decimal,[39m
[31m             ?   method?: StringFilter | String,[39m
[31m             ?   status?: StringFilter | String,[39m
[31m             ?   metadata?: JsonNullableFilter,[39m
[31m             ?   createdAt?: DateTimeFilter | DateTime,[39m
[31m             ?   order?: OrderScalarRelationFilter | OrderWhereInput[39m
[31m               }[39m
[31m             })[39m

[31mArgument `where` of type PaymentWhereUniqueInput needs at least one of `id` arguments. Available options are marked with ?.[39m
2026-02-22 15:03:31:331 [31merror[39m: [31mQR Webhook Processing Error: [39m
[31mInvalid `tx.payment.findUnique()` invocation in[39m
[31mC:\Users\MAYANK\OneDrive\Desktop\bmv_new\server\src\services\qrProcessingService.ts:42:58[39m

[31m  39 try {[39m
[31m  40     return await withTransactionRetry(async (tx) => {[39m
[31m  41         // 1. Idempotency Check: Look for existing journal or payment record[39m
[31m→ 42         const existingPayment = await tx.payment.findUnique({[39m
[31m               where: {[39m
[31m                 transactionId: "V3_1771752810776",[39m
[31m             ?   id?: String,[39m
[31m             ?   AND?: PaymentWhereInput | PaymentWhereInput[],[39m
[31m             ?   OR?: PaymentWhereInput[],[39m
[31m             ?   NOT?: PaymentWhereInput | PaymentWhereInput[],[39m
[31m             ?   orderId?: StringFilter | String,[39m
[31m             ?   amount?: DecimalFilter | Decimal,[39m
[31m             ?   method?: StringFilter | String,[39m
[31m             ?   status?: StringFilter | String,[39m
[31m             ?   metadata?: JsonNullableFilter,[39m
[31m             ?   createdAt?: DateTimeFilter | DateTime,[39m
[31m             ?   order?: OrderScalarRelationFilter | OrderWhereInput[39m
[31m               }[39m
[31m             })[39m

[31mArgument `where` of type PaymentWhereUniqueInput needs at least one of `id` arguments. Available options are marked with ?.[39m
2026-02-22 15:04:33:433 [31merror[39m: [31mQR Webhook Processing Error: [39m
[31mInvalid `tx.payment.findUnique()` invocation in[39m
[31mC:\Users\MAYANK\OneDrive\Desktop\bmv_new\server\src\services\qrProcessingService.ts:42:58[39m

[31m  39 try {[39m
[31m  40     return await withTransactionRetry(async (tx) => {[39m
[31m  41         // 1. Idempotency Check: Look for existing journal or payment record[39m
[31m→ 42         const existingPayment = await tx.payment.findUnique({[39m
[31m               where: {[39m
[31m                 transactionId: "V3_1771752872662",[39m
[31m             ?   id?: String,[39m
[31m             ?   AND?: PaymentWhereInput | PaymentWhereInput[],[39m
[31m             ?   OR?: PaymentWhereInput[],[39m
[31m             ?   NOT?: PaymentWhereInput | PaymentWhereInput[],[39m
[31m             ?   orderId?: StringFilter | String,[39m
[31m             ?   amount?: DecimalFilter | Decimal,[39m
[31m             ?   method?: StringFilter | String,[39m
[31m             ?   status?: StringFilter | String,[39m
[31m             ?   metadata?: JsonNullableFilter,[39m
[31m             ?   createdAt?: DateTimeFilter | DateTime,[39m
[31m             ?   order?: OrderScalarRelationFilter | OrderWhereInput[39m
[31m               }[39m
[31m             })[39m

[31mArgument `where` of type PaymentWhereUniqueInput needs at least one of `id` arguments. Available options are marked with ?.[39m
2026-02-24 20:55:39:5539 [31merror[39m: [31mRedis Client Error Connection timeout[39m
2026-02-25 00:00:41:041 [31merror[39m: [31mFailed to auto-seed SYSTEM-POS user:[39m
2026-02-25 00:03:46:346 [31merror[39m: [31mFailed to auto-seed SYSTEM-POS user:[39m
2026-02-25 01:42:52:4252 [31merror[39m: [31mUnhandled Error[39m
2026-02-25 01:43:01:431 [31merror[39m: [31mUnhandled Error[39m
2026-02-25 01:43:02:432 [31merror[39m: [31mUnhandled Error[39m
2026-02-25 01:43:03:433 [31merror[39m: [31mUnhandled Error[39m
2026-02-25 01:43:13:4313 [31merror[39m: [31mUnhandled Error[39m
2026-02-25 01:45:08:458 [31merror[39m: [31mUnhandled Error[39m
2026-02-25 01:46:36:4636 [31merror[39m: [31mUnhandled Error[39m
2026-02-25 01:46:55:4655 [31merror[39m: [31mUnhandled Error[39m
2026-02-25 17:45:28:4528 [31merror[39m: [31mRedis Client Error Connection timeout[39m
2026-02-25 17:51:29:5129 [31merror[39m: [31mRedis Client Error Connection timeout[39m
2026-02-25 17:58:03:583 [31merror[39m: [31mRedis Client Error Connection timeout[39m
2026-02-25 18:02:47:247 [31merror[39m: [31mRedis Client Error Connection timeout[39m
2026-02-25 18:13:43:1343 [31merror[39m: [31mRedis Client Error Connection timeout[39m
2026-03-05 16:14:55:1455 [31merror[39m: [31mFailed to auto-seed SYSTEM-POS user:[39m
2026-03-05 16:15:00:150 [31merror[39m: [31m[Jobs] Reconciliation job failed:[39m
2026-03-05 16:15:36:1536 [31merror[39m: [31mUnhandled Error[39m
2026-03-05 16:15:37:1537 [31merror[39m: [31mUnhandled Error[39m
2026-03-05 16:15:39:1539 [31merror[39m: [31mUnhandled Error[39m
2026-03-05 16:15:44:1544 [31merror[39m: [31mUnhandled Error[39m
2026-03-05 16:15:57:1557 [31merror[39m: [31mUnhandled Error[39m
2026-03-05 16:15:58:1558 [31merror[39m: [31mUnhandled Error[39m
2026-03-05 16:16:01:161 [31merror[39m: [31mUnhandled Error[39m
2026-03-05 16:16:05:165 [31merror[39m: [31mUnhandled Error[39m
2026-03-05 16:38:32:3832 [31merror[39m: [31mFailed to auto-seed SYSTEM-POS user:[39m
2026-03-05 16:38:32:3832 [31merror[39m: [31m[Jobs] Reconciliation job failed:[39m
2026-03-05 16:52:28:5228 [31merror[39m: [31mFailed to auto-seed SYSTEM-POS user:[39m
2026-03-05 16:59:33:5933 [31merror[39m: [31mFailed to auto-seed SYSTEM-POS user:[39m
2026-03-05 17:00:00:00 [31merror[39m: [31m[Jobs] Reconciliation job failed:[39m
2026-03-05 17:03:19:319 [31merror[39m: [31mFailed to auto-seed SYSTEM-POS user:[39m
2026-03-05 17:37:07:377 [31merror[39m: [31mUnhandled Error[39m
2026-03-05 17:37:14:3714 [31merror[39m: [31mUnhandled Error[39m
2026-03-05 17:44:35:4435 [31merror[39m: [31mUnhandled Error[39m
2026-03-05 17:44:40:4440 [31merror[39m: [31mUnhandled Error[39m
2026-03-05 17:44:40:4440 [31merror[39m: [31mUnhandled Error[39m
2026-03-05 17:44:41:4441 [31merror[39m: [31mUnhandled Error[39m
2026-03-05 17:49:16:4916 [31merror[39m: [31mUnhandled Error[39m
2026-03-05 18:03:19:319 [31merror[39m: [31mUnhandled Error[39m
2026-03-05 18:03:51:351 [31merror[39m: [31mUnhandled Error[39m
2026-03-05 18:10:09:109 [31merror[39m: [31mUnhandled Error[39m
2026-03-05 18:10:11:1011 [31merror[39m: [31mUnhandled Error[39m
2026-03-05 18:10:12:1012 [31merror[39m: [31mUnhandled Error[39m
2026-03-05 18:18:25:1825 [31merror[39m: [31mUnhandled Error[39m
2026-03-06 12:12:38:1238 [31merror[39m: [31mRedis Client Error Connection timeout[39m
2026-03-06 12:39:01:391 [31merror[39m: [31mFailed to auto-seed SYSTEM-POS user:[39m
2026-03-06 12:39:05:395 [31merror[39m: [31mHealth Check DB Failed Connection terminated due to connection timeout[39m
2026-03-11 11:50:06:506 [31merror[39m: [31mUnhandled Error[39m
2026-03-11 11:51:01:511 [31merror[39m: [31mUnhandled Error[39m
2026-03-11 11:51:49:5149 [31merror[39m: [31mUnhandled Error[39m
2026-03-11 11:54:17:5417 [31merror[39m: [31mUnhandled Error[39m
2026-03-11 11:55:10:5510 [31merror[39m: [31mRedis Client Error Connection timeout[39m
2026-03-11 11:55:18:5518 [31merror[39m: [31mUnhandled Error[39m
2026-03-11 11:55:43:5543 [31merror[39m: [31mRedis Client Error Connection timeout[39m
2026-03-11 12:15:24:1524 [31merror[39m: [31m[Reconciliation] Failed to reconcile order 838b6865-6768-436e-9960-3d5c53259cdc:[39m
2026-03-11 12:30:00:300 [31merror[39m: [31m[Reconciliation] Failed to reconcile order 838b6865-6768-436e-9960-3d5c53259cdc:[39m
2026-03-11 12:30:00:300 [31merror[39m: [31m[Reconciliation] Failed to reconcile order c9af7c02-5fc3-4a24-8629-62f39a688618:[39m
2026-03-11 12:31:22:3122 [31merror[39m: [31mRedis Client Error Connection timeout[39m
2026-03-11 12:45:00:450 [31merror[39m: [31m[Reconciliation] Failed to reconcile order 838b6865-6768-436e-9960-3d5c53259cdc:[39m
2026-03-11 12:45:00:450 [31merror[39m: [31m[Reconciliation] Failed to reconcile order c9af7c02-5fc3-4a24-8629-62f39a688618:[39m
2026-03-11 13:00:00:00 [31merror[39m: [31m[Reconciliation] Failed to reconcile order 838b6865-6768-436e-9960-3d5c53259cdc:[39m
2026-03-11 13:00:00:00 [31merror[39m: [31m[Reconciliation] Failed to reconcile order c9af7c02-5fc3-4a24-8629-62f39a688618:[39m
2026-03-11 13:00:01:01 [31merror[39m: [31m[Reconciliation] Failed to reconcile order 9f5f7876-40bc-4524-9e07-306445f8f609:[39m
2026-03-11 13:15:00:150 [31merror[39m: [31m[Reconciliation] Failed to reconcile order c9af7c02-5fc3-4a24-8629-62f39a688618:[39m
2026-03-11 13:15:00:150 [31merror[39m: [31m[Reconciliation] Failed to reconcile order 9f5f7876-40bc-4524-9e07-306445f8f609:[39m
2026-03-27 20:55:13:5513 [31merror[39m: [31mUnhandled Error[39m
2026-03-27 23:38:16:3816 [31merror[39m: [31mRedis Client Error Connection timeout[39m
2026-03-28 14:29:58:2958 [31merror[39m: [31mUnhandled Error[39m
2026-03-28 14:29:58:2958 [31merror[39m: [31mUnhandled Error[39m
2026-03-28 14:30:10:3010 [31merror[39m: [31mUnhandled Error[39m
2026-03-28 14:30:10:3010 [31merror[39m: [31mUnhandled Error[39m
2026-03-28 14:30:26:3026 [31merror[39m: [31mUnhandled Error[39m
2026-03-28 14:30:26:3026 [31merror[39m: [31mUnhandled Error[39m
2026-03-28 14:30:43:3043 [31merror[39m: [31mUnhandled Error[39m
2026-03-28 14:32:45:3245 [31merror[39m: [31mUnhandled Error[39m
2026-03-28 14:32:45:3245 [31merror[39m: [31mUnhandled Error[39m
2026-03-28 14:33:06:336 [31merror[39m: [31mUnhandled Error[39m
2026-03-28 14:33:06:336 [31merror[39m: [31mUnhandled Error[39m
2026-03-28 14:33:20:3320 [31merror[39m: [31mUnhandled Error[39m
2026-03-28 14:33:20:3320 [31merror[39m: [31mUnhandled Error[39m
2026-03-28 14:33:39:3339 [31merror[39m: [31mUnhandled Error[39m
2026-03-28 14:33:55:3355 [31merror[39m: [31mUnhandled Error[39m
2026-03-28 14:33:55:3355 [31merror[39m: [31mUnhandled Error[39m
2026-03-28 14:34:38:3438 [31merror[39m: [31mUnhandled Error[39m
2026-03-28 14:36:04:364 [31merror[39m: [31mUnhandled Error[39m
2026-03-28 14:36:15:3615 [31merror[39m: [31mUnhandled Error[39m
2026-03-28 20:04:07:47 [31merror[39m: [31mRedis Client Error Connection timeout[39m
2026-03-28 21:48:53:4853 [31merror[39m: [31mUnhandled Error[39m
2026-03-28 21:48:53:4853 [31merror[39m: [31mUnhandled Error[39m
2026-03-28 21:51:19:5119 [31merror[39m: [31mUnhandled Error[39m
2026-03-28 21:52:00:520 [31merror[39m: [31mUnhandled Error[39m
2026-03-28 21:53:35:5335 [31merror[39m: [31mUnhandled Error[39m
2026-03-28 21:58:58:5858 [31merror[39m: [31mRedis Client Error Connection timeout[39m
2026-03-28 22:00:58:058 [31merror[39m: [31mRedis Client Error Connection timeout[39m
2026-03-28 22:07:42:742 [31merror[39m: [31mUnhandled Error[39m
2026-03-28 22:07:46:746 [31merror[39m: [31mUnhandled Error[39m
2026-03-28 22:07:59:759 [31merror[39m: [31mUnhandled Error[39m
2026-03-28 22:08:07:87 [31merror[39m: [31mUnhandled Error[39m
2026-03-28 22:31:58:3158 [31merror[39m: [31mRedis Client Error Connection timeout[39m
2026-03-29 13:01:04:14 [31merror[39m: [31mRedis Client Error Connection timeout[39m
2026-03-29 19:41:03:413 [31merror[39m: [31mRedis Client Error Connection timeout[39m
2026-03-29 22:11:21:1121 [31merror[39m: [31mRedis Client Error Connection timeout[39m
2026-03-29 22:16:22:1622 [31merror[39m: [31mRedis Client Error Connection timeout[39m
2026-03-29 22:17:10:1710 [31merror[39m: [31mRedis Client Error Connection timeout[39m
2026-03-29 22:55:51:5551 [31merror[39m: [31mRedis Client Error Connection timeout[39m
2026-03-30 13:06:28:628 [31merror[39m: [31mRedis Client Error Connection timeout[39m
2026-04-16 16:24:29:2429 [31merror[39m: [31mRedis Client Error Connection timeout[39m
2026-04-16 16:25:27:2527 [31merror[39m: [31mRedis Client Error Connection timeout[39m
2026-04-16 21:13:33:1333 [31merror[39m: [31mUnhandled Error[39m
2026-04-16 21:18:01:181 [31merror[39m: [31mUnhandled Error[39m
2026-04-17 12:41:40:4140 [31merror[39m: [31mRedis Client Error Connection timeout[39m
2026-04-17 12:44:46:4446 [31merror[39m: [31mRedis Client Error Connection timeout[39m
2026-04-17 14:04:51:451 [31merror[39m: [31mSearch Service Init Failed MeiliSearch is not a constructor[39m
2026-04-17 14:06:39:639 [31merror[39m: [31mSearch Service Init Failed MeiliSearch is not a constructor[39m
2026-04-17 14:10:34:1034 [31merror[39m: [31mSearch Service Init Failed MeiliSearch is not a constructor[39m
2026-04-17 15:07:24:724 [31merror[39m: [31mRedis Client Error Connection timeout[39m
2026-04-17 15:09:37:937 [31merror[39m: [31mRedis Client Error Connection timeout[39m
2026-04-18 12:04:35:435 [31merror[39m: [31mRedis Client Error Connection timeout[39m
2026-04-18 14:27:29:2729 [31merror[39m: [31mRedis Client Error Connection timeout[39m
2026-04-20 17:27:36:2736 [31merror[39m: [31mUnhandled Error[39m
2026-04-20 17:27:37:2737 [31merror[39m: [31mUnhandled Error[39m
2026-04-20 17:27:40:2740 [31merror[39m: [31mUnhandled Error[39m
2026-04-20 17:27:44:2744 [31merror[39m: [31mUnhandled Error[39m
2026-04-20 17:28:08:288 [31merror[39m: [31m[AUTH] loginWithPassword critical error:[39m
2026-04-21 12:32:32:3232 [31merror[39m: [31mRedis Client Error Connection timeout[39m
2026-04-21 12:53:59:5359 [31merror[39m: [31mRedis Client Error Connection timeout[39m
2026-04-21 12:58:10:5810 [31merror[39m: [31mRedis Client Error Connection timeout[39m
2026-04-21 14:02:12:212 [31merror[39m: [31mRedis Client Error Connection timeout[39m
2026-04-21 14:08:12:812 [31merror[39m: [31mRedis Client Error Connection timeout[39m
2026-04-21 14:08:46:846 [31merror[39m: [31mRedis Client Error Connection timeout[39m
2026-06-02 20:20:04:204 [31merror[39m: [31mFailed to dispatch Socket.io alert Socket.io not initialized![39m
2026-06-02 20:26:24:2624 [31merror[39m: [31mFailed to broadcast real-time socket popup alert: Socket.io not initialized![39m
2026-06-02 20:26:24:2624 [31merror[39m: [31mFailed to broadcast real-time socket popup alert: Socket.io not initialized![39m
2026-06-02 20:37:59:3759 [31merror[39m: [31mFailed to dispatch Socket.io alert Socket.io not initialized![39m
2026-06-02 20:39:20:3920 [31merror[39m: [31mFailed to broadcast real-time socket popup alert: Socket.io not initialized![39m
2026-06-02 20:42:12:4212 [31merror[39m: [31mFailed to dispatch Socket.io alert Socket.io not initialized![39m
2026-06-29 15:19:44:1944 [31merror[39m: [31m[🔴 SLA BREACH WARNING] Incident "⚠️ API Incident: [P1] IMPOSSIBLE_TRAVEL" has breached SLA guidelines.[39m
2026-06-29 15:19:44:1944 [31merror[39m: [31m[🔴 SLA BREACH WARNING] Incident "⚠️ API Incident: [P1] MASS_RECORD_HARVESTING" has breached SLA guidelines.[39m
2026-06-29 15:19:44:1944 [31merror[39m: [31m[🔴 SLA BREACH WARNING] Incident "⚠️ API Incident: [P1] MASS_RECORD_HARVESTING" has breached SLA guidelines.[39m
